
> ai-validation-backend@0.1.0 build
> tsc

